// Jest Snapshot v1, https://goo.gl/fbAQLP

exports[`<DonutChart /> snapshot 1`] = `
ShallowWrapper {
  Symbol(enzyme.__root__): [Circular],
  Symbol(enzyme.__unrendered__): <DonutChart
    className=""
    colorScheme="light"
    data={
      Array [
        Object {
          "description": "first description",
          "name": "first slice",
          "value": 10,
        },
        Object {
          "description": "second description",
          "name": "second slice",
          "value": 10,
        },
        Object {
          "description": "third description",
          "name": "third slice",
          "value": 10,
        },
        Object {
          "description": "fourth description",
          "name": "fourth slice",
          "value": 10,
        },
        Object {
          "description": "fifth description",
          "name": "fifth slice",
          "value": 10,
        },
        Object {
          "description": "sixth description",
          "name": "sixth slice",
          "value": 10,
        },
        Object {
          "description": "seventh description",
          "name": "seventh slice",
          "value": 10,
        },
        Object {
          "description": "eighth description",
          "name": "eighth slice",
          "value": 10,
        },
        Object {
          "description": "ninth description",
          "name": "ninth slice",
          "value": 10,
        },
        Object {
          "description": "tenth description",
          "name": "tenth slice",
          "value": 10,
        },
        Object {
          "description": "eleventh description",
          "name": "eleventh slice",
          "value": 10,
        },
        Object {
          "description": "twelveth description",
          "name": "twelveth slice",
          "value": 10,
        },
      ]
    }
    onTarget={false}
    title="title"
    trending={
      Object {
        "key": "UP",
        "label": "Trending Up",
      }
    }
  />,
  Symbol(enzyme.__renderer__): Object {
    "batchedUpdates": [Function],
    "checkPropTypes": [Function],
    "getNode": [Function],
    "render": [Function],
    "simulateError": [Function],
    "simulateEvent": [Function],
    "unmount": [Function],
  },
  Symbol(enzyme.__node__): Object {
    "instance": null,
    "key": undefined,
    "nodeType": "function",
    "props": Object {
      "children": Array [
        <a />,
        <Legend
          series={
            Array [
              Object {
                "color": "#1f77b4",
                "description": "first description",
                "title": "first slice",
              },
              Object {
                "color": "#aec7e8",
                "description": "second description",
                "title": "second slice",
              },
              Object {
                "color": "#ff7f0e",
                "description": "third description",
                "title": "third slice",
              },
              Object {
                "color": "#ffbb78",
                "description": "fourth description",
                "title": "fourth slice",
              },
              Object {
                "color": "#2ca02c",
                "description": "fifth description",
                "title": "fifth slice",
              },
              Object {
                "color": "#98df8a",
                "description": "sixth description",
                "title": "sixth slice",
              },
              Object {
                "color": "#d62728",
                "description": "seventh description",
                "title": "seventh slice",
              },
              Object {
                "color": "#ff9896",
                "description": "eighth description",
                "title": "eighth slice",
              },
              Object {
                "color": "#9467bd",
                "description": "ninth description",
                "title": "ninth slice",
              },
              Object {
                "color": "#c5b0d5",
                "description": "tenth description",
                "title": "tenth slice",
              },
              Object {
                "color": "#8c564b",
                "description": "eleventh description",
                "title": "eleventh slice",
              },
              Object {
                "color": "#c49c94",
                "description": "twelveth description",
                "title": "twelveth slice",
              },
            ]
          }
        />,
      ],
      "className": "",
      "onTarget": false,
      "title": "title",
      "trending": Object {
        "key": "UP",
        "label": "Trending Up",
      },
    },
    "ref": null,
    "rendered": Array [
      Object {
        "instance": null,
        "key": undefined,
        "nodeType": "function",
        "props": Object {},
        "ref": null,
        "rendered": null,
        "type": [Function],
      },
      Object {
        "instance": null,
        "key": undefined,
        "nodeType": "class",
        "props": Object {
          "series": Array [
            Object {
              "color": "#1f77b4",
              "description": "first description",
              "title": "first slice",
            },
            Object {
              "color": "#aec7e8",
              "description": "second description",
              "title": "second slice",
            },
            Object {
              "color": "#ff7f0e",
              "description": "third description",
              "title": "third slice",
            },
            Object {
              "color": "#ffbb78",
              "description": "fourth description",
              "title": "fourth slice",
            },
            Object {
              "color": "#2ca02c",
              "description": "fifth description",
              "title": "fifth slice",
            },
            Object {
              "color": "#98df8a",
              "description": "sixth description",
              "title": "sixth slice",
            },
            Object {
              "color": "#d62728",
              "description": "seventh description",
              "title": "seventh slice",
            },
            Object {
              "color": "#ff9896",
              "description": "eighth description",
              "title": "eighth slice",
            },
            Object {
              "color": "#9467bd",
              "description": "ninth description",
              "title": "ninth slice",
            },
            Object {
              "color": "#c5b0d5",
              "description": "tenth description",
              "title": "tenth slice",
            },
            Object {
              "color": "#8c564b",
              "description": "eleventh description",
              "title": "eleventh slice",
            },
            Object {
              "color": "#c49c94",
              "description": "twelveth description",
              "title": "twelveth slice",
            },
          ],
        },
        "ref": null,
        "rendered": null,
        "type": [Function],
      },
    ],
    "type": [Function],
  },
  Symbol(enzyme.__nodes__): Array [
    Object {
      "instance": null,
      "key": undefined,
      "nodeType": "function",
      "props": Object {
        "children": Array [
          <a />,
          <Legend
            series={
              Array [
                Object {
                  "color": "#1f77b4",
                  "description": "first description",
                  "title": "first slice",
                },
                Object {
                  "color": "#aec7e8",
                  "description": "second description",
                  "title": "second slice",
                },
                Object {
                  "color": "#ff7f0e",
                  "description": "third description",
                  "title": "third slice",
                },
                Object {
                  "color": "#ffbb78",
                  "description": "fourth description",
                  "title": "fourth slice",
                },
                Object {
                  "color": "#2ca02c",
                  "description": "fifth description",
                  "title": "fifth slice",
                },
                Object {
                  "color": "#98df8a",
                  "description": "sixth description",
                  "title": "sixth slice",
                },
                Object {
                  "color": "#d62728",
                  "description": "seventh description",
                  "title": "seventh slice",
                },
                Object {
                  "color": "#ff9896",
                  "description": "eighth description",
                  "title": "eighth slice",
                },
                Object {
                  "color": "#9467bd",
                  "description": "ninth description",
                  "title": "ninth slice",
                },
                Object {
                  "color": "#c5b0d5",
                  "description": "tenth description",
                  "title": "tenth slice",
                },
                Object {
                  "color": "#8c564b",
                  "description": "eleventh description",
                  "title": "eleventh slice",
                },
                Object {
                  "color": "#c49c94",
                  "description": "twelveth description",
                  "title": "twelveth slice",
                },
              ]
            }
          />,
        ],
        "className": "",
        "onTarget": false,
        "title": "title",
        "trending": Object {
          "key": "UP",
          "label": "Trending Up",
        },
      },
      "ref": null,
      "rendered": Array [
        Object {
          "instance": null,
          "key": undefined,
          "nodeType": "function",
          "props": Object {},
          "ref": null,
          "rendered": null,
          "type": [Function],
        },
        Object {
          "instance": null,
          "key": undefined,
          "nodeType": "class",
          "props": Object {
            "series": Array [
              Object {
                "color": "#1f77b4",
                "description": "first description",
                "title": "first slice",
              },
              Object {
                "color": "#aec7e8",
                "description": "second description",
                "title": "second slice",
              },
              Object {
                "color": "#ff7f0e",
                "description": "third description",
                "title": "third slice",
              },
              Object {
                "color": "#ffbb78",
                "description": "fourth description",
                "title": "fourth slice",
              },
              Object {
                "color": "#2ca02c",
                "description": "fifth description",
                "title": "fifth slice",
              },
              Object {
                "color": "#98df8a",
                "description": "sixth description",
                "title": "sixth slice",
              },
              Object {
                "color": "#d62728",
                "description": "seventh description",
                "title": "seventh slice",
              },
              Object {
                "color": "#ff9896",
                "description": "eighth description",
                "title": "eighth slice",
              },
              Object {
                "color": "#9467bd",
                "description": "ninth description",
                "title": "ninth slice",
              },
              Object {
                "color": "#c5b0d5",
                "description": "tenth description",
                "title": "tenth slice",
              },
              Object {
                "color": "#8c564b",
                "description": "eleventh description",
                "title": "eleventh slice",
              },
              Object {
                "color": "#c49c94",
                "description": "twelveth description",
                "title": "twelveth slice",
              },
            ],
          },
          "ref": null,
          "rendered": null,
          "type": [Function],
        },
      ],
      "type": [Function],
    },
  ],
  Symbol(enzyme.__options__): Object {
    "adapter": ReactSixteenAdapter {
      "options": Object {
        "enableComponentDidUpdateOnSetState": true,
        "legacyContextMode": "parent",
        "lifecycles": Object {
          "componentDidUpdate": Object {
            "onSetState": true,
          },
          "getChildContext": Object {
            "calledByRenderer": false,
          },
          "getDerivedStateFromError": true,
          "getDerivedStateFromProps": Object {
            "hasShouldComponentUpdateBug": false,
          },
          "getSnapshotBeforeUpdate": true,
          "setState": Object {
            "skipsComponentDidUpdateOnNullish": true,
          },
        },
      },
    },
  },
}
`;
