// Jest Snapshot v1, https://goo.gl/fbAQLP

exports[`<DonutChart /> snapshot 1`] = `
ShallowWrapper {
  Symbol(enzyme.__root__): [Circular],
  Symbol(enzyme.__unrendered__): <DonutChart
    className=""
    colorScheme="light"
    data={
      Array [
        Object {
          "dataSetName": "first",
          "values": Array [
            Object {
              "field": 10,
              "id": 0,
            },
            Object {
              "field": 20,
              "id": 1,
            },
            Object {
              "field": 15,
              "id": 2,
            },
            Object {
              "field": 40,
              "id": 3,
            },
            Object {
              "field": 90,
              "id": 4,
            },
            Object {
              "field": 12,
              "id": 5,
            },
            Object {
              "field": 35,
              "id": 6,
            },
            Object {
              "field": 55,
              "id": 7,
            },
          ],
        },
      ]
    }
    title="title"
  />,
  Symbol(enzyme.__renderer__): Object {
    "batchedUpdates": [Function],
    "checkPropTypes": [Function],
    "getNode": [Function],
    "render": [Function],
    "simulateError": [Function],
    "simulateEvent": [Function],
    "unmount": [Function],
  },
  Symbol(enzyme.__node__): Object {
    "instance": null,
    "key": undefined,
    "nodeType": "function",
    "props": Object {
      "children": <a />,
      "className": "",
      "description": "",
      "title": "title",
    },
    "ref": null,
    "rendered": Object {
      "instance": null,
      "key": undefined,
      "nodeType": "function",
      "props": Object {},
      "ref": null,
      "rendered": null,
      "type": [Function],
    },
    "type": [Function],
  },
  Symbol(enzyme.__nodes__): Array [
    Object {
      "instance": null,
      "key": undefined,
      "nodeType": "function",
      "props": Object {
        "children": <a />,
        "className": "",
        "description": "",
        "title": "title",
      },
      "ref": null,
      "rendered": Object {
        "instance": null,
        "key": undefined,
        "nodeType": "function",
        "props": Object {},
        "ref": null,
        "rendered": null,
        "type": [Function],
      },
      "type": [Function],
    },
  ],
  Symbol(enzyme.__options__): Object {
    "adapter": ReactSixteenAdapter {
      "options": Object {
        "enableComponentDidUpdateOnSetState": true,
        "legacyContextMode": "parent",
        "lifecycles": Object {
          "componentDidUpdate": Object {
            "onSetState": true,
          },
          "getChildContext": Object {
            "calledByRenderer": false,
          },
          "getDerivedStateFromError": true,
          "getDerivedStateFromProps": Object {
            "hasShouldComponentUpdateBug": false,
          },
          "getSnapshotBeforeUpdate": true,
          "setState": Object {
            "skipsComponentDidUpdateOnNullish": true,
          },
        },
      },
    },
  },
}
`;
