// Jest Snapshot v1, https://goo.gl/fbAQLP

exports[`<Icon /> Icon renders target 1`] = `ReactWrapper {}`;

exports[`<Icon /> Icon renders target 2`] = `ReactWrapper {}`;

exports[`<Icon /> Icon renders target 3`] = `ReactWrapper {}`;

exports[`<Icon /> Icon renders target 4`] = `ReactWrapper {}`;

exports[`<Icon /> Icon renders target 5`] = `ReactWrapper {}`;

exports[`<Icon /> Icon renders target 6`] = `ReactWrapper {}`;

exports[`<Icon /> Icon renders target 7`] = `ReactWrapper {}`;

exports[`<Icon /> Icon renders target 8`] = `ReactWrapper {}`;
